// Bun Snapshot v1, https://bun.sh/docs/test/snapshots

exports[`BatchBar snapshots renders with count and default action text 1`] = `
"  3 selected  [c] Clean All  [r] Remove All [Esc] Deselect All                  
                                                                                
                                                                                
                                                                                
                                                                                
                                                                                
                                                                                
                                                                                
                                                                                
                                                                                
                                                                                
                                                                                
                                                                                
                                                                                
                                                                                
                                                                                
                                                                                
                                                                                
                                                                                
                                                                                
                                                                                
                                                                                
                                                                                
                                                                                
"
`;

exports[`BatchBar snapshots renders with count and custom action text 1`] = `
"  1 selected  [d] Delete [Esc] Deselect All                                     
                                                                                
                                                                                
                                                                                
                                                                                
                                                                                
                                                                                
                                                                                
                                                                                
                                                                                
                                                                                
                                                                                
                                                                                
                                                                                
                                                                                
                                                                                
                                                                                
                                                                                
                                                                                
                                                                                
                                                                                
                                                                                
                                                                                
                                                                                
"
`;
