// Bun Snapshot v1, https://bun.sh/docs/test/snapshots

exports[`ProgressView snapshots renders done state with lines and completion message 1`] = `
"                                                                                
                                                                                
                                                                                
                                                                                
                                                                                
                                                                                
                                                                                
                                                                                
                                                                                
            ┌─ Creating workspace ─────────────────────────────────┐            
            │ Cloned repo-a                                        │            
            │ Cloned repo-b                                        │            
            │                                                      │            
            │ Done. Press any key to continue.                     │            
            └──────────────────────────────────────────────────────┘            
                                                                                
                                                                                
                                                                                
                                                                                
                                                                                
                                                                                
                                                                                
                                                                                
                                                                                
"
`;
