// Bun Snapshot v1, https://bun.sh/docs/test/snapshots

exports[`RepoDetail snapshots renders fallback when no entry is selected 1`] = `
" No repo selected                                                               
                                                                                
                                                                                
                                                                                
                                                                                
                                                                                
                                                                                
                                                                                
                                                                                
                                                                                
                                                                                
                                                                                
                                                                                
                                                                                
                                                                                
                                                                                
                                                                                
                                                                                
                                                                                
                                                                                
                                                                                
                                                                                
                                                                                
                                                                                
"
`;

exports[`RepoDetail snapshots renders entry with template and workspace references 1`] = `
" Path: /home/user/repos/api                                                     
 Type: typescript Branch: main                                                  
  ✓ exists                                                                      
                                                                                
 Used by:                                                                       
 template: fullstack                                                            
 workspace: feature-x                                                           
                                                                                
                                                                                
                                                                                
                                                                                
                                                                                
                                                                                
                                                                                
                                                                                
                                                                                
                                                                                
                                                                                
                                                                                
                                                                                
                                                                                
                                                                                
                                                                                
                                                                                
"
`;

exports[`RepoDetail snapshots renders entry missing from disk with no references 1`] = `
" Path: /old/legacy                                                              
 Type: other Branch: master                                                     
  ✗ missing                                                                     
                                                                                
 Used by:                                                                       
 (not referenced)                                                               
                                                                                
                                                                                
                                                                                
                                                                                
                                                                                
                                                                                
                                                                                
                                                                                
                                                                                
                                                                                
                                                                                
                                                                                
                                                                                
                                                                                
                                                                                
                                                                                
                                                                                
                                                                                
"
`;
