// Bun Snapshot v1, https://bun.sh/docs/test/snapshots

exports[`WorkspaceRow snapshots renders focused row with no messages (shows creation date) 1`] = `
">[ ] · my-feature               feat/my-feature         1wt 1tr  70d                                
"
`;

exports[`WorkspaceRow snapshots renders unfocused row with no messages 1`] = `
" [ ] · my-feature               feat/my-feature         1wt 1tr  70d                                
"
`;

exports[`WorkspaceRow snapshots renders selected row 1`] = `
">[x] · my-feature               feat/my-feature         1wt 1tr  70d                                
"
`;

exports[`WorkspaceRow snapshots renders row with a message preview 1`] = `
" [ ] · my-feature               feat/my-feature         1wt 1tr  ci: Build succeeded  70d           
"
`;

exports[`WorkspaceRow snapshots renders row with system message (no sender) 1`] = `
" [ ] · my-feature               feat/my-feature         1wt 1tr  Workspace created  70d             
"
`;

exports[`WorkspaceRow snapshots renders loaded status with dirty repos 1`] = `
" [ ] ~ my-feature              feat/my-feature        1wt 1tr ~1  70d                               
"
`;

exports[`WorkspaceRow snapshots renders long workspace name truncated 1`] = `
" [ ] · a-very-long-workspace-n… feat/my-feature         1wt 1tr  70d                                
"
`;

exports[`WorkspaceRow snapshots renders long message text truncated 1`] = `
" [ ] · my-feature               feat/my-feature         1wt 1tr  ci-pipeline: This is a ver…  70d   
"
`;
